PCAD Importer Log
Project : lr3 (1).PrjPcb

Section : D:\Documents\Documents\Pcad-Symbols\Lab3\lr3 (1).SCH
    Section : Parsing Messages
        Warning - 1 : Skipping Token defaultPinDes On Line 89
        Warning - 1 : Skipping Token defaultPinDes On Line 97
        Warning - 1 : Skipping Token defaultPinDes On Line 118
        Warning - 1 : Skipping Token defaultPinDes On Line 126
        Warning - 1 : Skipping Token defaultPinDes On Line 147
        Warning - 1 : Skipping Token defaultPinDes On Line 155
        Warning - 1 : Skipping Token defaultPinDes On Line 175
        Warning - 1 : Skipping Token defaultPinDes On Line 182
        Warning - 1 : Skipping Token defaultPinDes On Line 189
        Warning - 1 : Skipping Token defaultPinDes On Line 196
        Warning - 1 : Skipping Token defaultPinDes On Line 204
        Warning - 1 : Skipping Token defaultPinDes On Line 230
        Warning - 1 : Skipping Token defaultPinDes On Line 238
        Warning - 1 : Skipping Token defaultPinDes On Line 246
        Warning - 1 : Skipping Token gridDfns On Line 526
        Warning - 1 : Skipping Token refPointSize On Line 534
        Warning - 1 : Skipping Token infoPointSize On Line 535
        Warning - 1 : Skipping Token junctionSize On Line 536
        Warning - 1 : Skipping Token refPointSizePrint On Line 537
        Warning - 1 : Skipping Token infoPointSizePrint On Line 538
        Warning - 1 : Skipping Token junctionSizePrint On Line 539
        Warning - 1 : Skipping Token PrintRegion On Line 673
        Warning - 1 : Skipping Token schematicPrintSettings On Line 675
        Warning - 1 : Skipping Token ecoState On Line 690
        Warning - 1 : Skipping Token currentTextStyle On Line 691
        Warning - 1 : Skipping Token reportSettings On Line 694
    EndSection

    Section : Generating SCH Library - lr3 (1).SchLib
    EndSection

    Section : Generating SCH Sheet - Sheet1.SCHDOC
        Warning : P-CAD Port [START] will be replaced by a net label at location [5590.54mil : 5196.84mil]
        Warning : P-CAD vertical port [GND] at location [8307.087mil : 3937.008mil] will be replaced by a horizonal port at location [8307.07mil : 3596.996mil] with the width [239.979mil] and a wire
        Warning : P-CAD vertical port [GND] at location [10669.291mil : 6653.543mil] will be replaced by a horizonal port at location [10669.27mil : 6313.526mil] with the width [239.979mil] and a wire
        Warning : P-CAD vertical port [VCC] at location [12401.575mil : 7834.646mil] will be replaced by a horizonal port at location [838.098mil : 7714.615mil] with the width [239.979mil] and a wire
    EndSection

    Section : Analyzing SCH Sheet - Sheet1.SCHDOC
    EndSection
EndSection
